32x32
1-a
2-b
3-c
4-d
5-e
6-f
7-g
--
18.5 2.5 5 --brown room
18.5 6.5 5 --brown room
2.5 3.5 3  --blue room
7.5 3.5 3  --blue room
12.5 2.5 5 --hallway by blue and brown
12.5 4.5 5 --hallway by blue and brown
2.5 9 5    --hallway by blue and green
5.5 9 5    --hallway by blue and green
8.5 9 5    --hallway by blue and green
12.5 9 5   --hallway by blue and green
==
bbbbbbbbbbbaaacccccccccaaaeeeeee
b b b b b b   c       c        e
b         b           c   e    e
b         b   c       c   e    e
b             c       c   e    e
bbbbbbbbbbb   c       c   eeeeee
a             c       c   e    e
a             c       c        e
a             ccccccccc   eeeeee
a                              a
a                              a
a                              a
addddddddddddddd   dddddddddddda
a                              a
a                              a
a                              a
a                              a
a                              a
a                              a
a                              a
a                              a
a                              a
a                              a
a                              a
a                              a
a                              a
a                              a
a                              a
a                              a
a                              a
a                              a
aaaaaaaaaaaaaaaaaaaaaaaaaaaaaaaa
